// Jest Snapshot v1, https://goo.gl/fbAQLP

exports[`<Button /> should render a button 1`] = `
<button
  className="btn"
  onClick={[Function]}
>
  Hello Jest!
</button>
`;
